#-----------------------------------------------------------
# Vivado v2018.3 (64-bit)
# SW Build 2405991 on Thu Dec  6 23:36:41 MST 2018
# IP Build 2404404 on Fri Dec  7 01:43:56 MST 2018
# Start of session at: Wed Sep  4 08:49:50 2019
# Process ID: 24983
# Current directory: /home/zach/git/grad_school/EN525.742-Project-1
# Command line: vivado project_1.xpr
# Log file: /home/zach/git/grad_school/EN525.742-Project-1/vivado.log
# Journal file: /home/zach/git/grad_school/EN525.742-Project-1/vivado.jou
#-----------------------------------------------------------
start_gui
open_project project_1.xpr
update_compile_order -fileset sources_1
save_project_as project_1_v2018_3 /home/zach/git/grad_school/EN525.742-Project-1/project_1_v2018_3 -force
import_files
open_hw
connect_hw_server
open_hw_target
current_hw_device [get_hw_devices xc7z020_1]
refresh_hw_device -update_hw_probes false [lindex [get_hw_devices xc7z020_1] 0]
set_property PROBES.FILE {} [get_hw_devices xc7z020_1]
set_property FULL_PROBES.FILE {} [get_hw_devices xc7z020_1]
set_property PROGRAM.FILE {/home/zach/git/grad_school/EN525.742-Project-1/project_1.runs/impl_1/toplevel.bit} [get_hw_devices xc7z020_1]
program_hw_devices [get_hw_devices xc7z020_1]
refresh_hw_device [lindex [get_hw_devices xc7z020_1] 0]
launch_sdk -workspace /home/zach/git/grad_school/EN525.742-Project-1/project_1_v2018_3/project_1_v2018_3.sdk -hwspec /home/zach/git/grad_school/EN525.742-Project-1/project_1_v2018_3/project_1_v2018_3.sdk/toplevel.hdf
